[compare] device=cuda cache=/home/ubuntu/surrogate-seismic-waves/experiments/DeepONet-Residual/cache/full7680_seed42
[compare] test samples: 1152 / 7680
[compare] fitting DeepONet train norms (preload train split)...
[compare] loading cached norms /home/ubuntu/surrogate-seismic-waves/experiments/DeepONet-Residual/cache/full7680_seed42/train_norms_seed42.pt
[compare] DeepONet ckpt=/home/ubuntu/surrogate-seismic-waves/experiments/DeepONet-Residual/checkpoints/single_resunet_full_R_nom_full7680_seed42.pt
[compare] loading LOGLO...
[GIFNO-FDO-XT-LOGLO-POD config] env overrides: LATENT_CHANNELS=128, NUM_FNO_LAYERS=5, POD_NUM_MODES=64, DEEPONET_LATENT_DIM=128
[GIFNO config] env overrides: LATENT_CHANNELS=128, NUM_FNO_LAYERS=5
[compare] LOGLO ckpt=/home/ubuntu/surrogate-seismic-waves/checkpoints/tier2_pod64_full7680/best_model.pt
/home/ubuntu/surrogate-seismic-waves/experiments/DeepONet-Residual/compare_tf_loglo_vs_deeponet.py:226: UserWarning: The given NumPy array is not writable, and PyTorch does not support non-writable tensors. This means writing to this tensor will result in undefined behavior. You may want to copy the array to protect its data or make it writable before converting it to a tensor. This type of warning will be suppressed for the rest of this program. (Triggered internally at /__w/pytorch/pytorch/torch/csrc/utils/tensor_numpy.cpp:213.)
  fields_t = torch.from_numpy(fields)
[1/1152] sidx=4340  LOGLO relL2=0.180  DeepONet relL2=0.272  TF1D relL2=0.320
[25/1152] sidx=5749  LOGLO relL2=0.191  DeepONet relL2=0.305  TF1D relL2=0.430
[50/1152] sidx=7268  LOGLO relL2=0.295  DeepONet relL2=0.427  TF1D relL2=0.671
[75/1152] sidx=5737  LOGLO relL2=0.227  DeepONet relL2=0.299  TF1D relL2=0.464
[100/1152] sidx=6035  LOGLO relL2=0.270  DeepONet relL2=0.391  TF1D relL2=0.489
[125/1152] sidx=2546  LOGLO relL2=0.142  DeepONet relL2=0.256  TF1D relL2=0.360
[150/1152] sidx=1094  LOGLO relL2=0.379  DeepONet relL2=0.404  TF1D relL2=0.715
[175/1152] sidx=7109  LOGLO relL2=0.117  DeepONet relL2=0.229  TF1D relL2=0.337
[200/1152] sidx=7297  LOGLO relL2=0.177  DeepONet relL2=0.426  TF1D relL2=0.407
[225/1152] sidx=4617  LOGLO relL2=0.195  DeepONet relL2=0.368  TF1D relL2=0.513
[250/1152] sidx=5927  LOGLO relL2=0.142  DeepONet relL2=0.190  TF1D relL2=0.321
[275/1152] sidx=4292  LOGLO relL2=0.201  DeepONet relL2=0.321  TF1D relL2=0.325
[300/1152] sidx=7651  LOGLO relL2=0.375  DeepONet relL2=0.400  TF1D relL2=0.586
[325/1152] sidx=1596  LOGLO relL2=0.314  DeepONet relL2=0.429  TF1D relL2=0.762
[350/1152] sidx=4259  LOGLO relL2=0.263  DeepONet relL2=0.300  TF1D relL2=0.616
[375/1152] sidx=5443  LOGLO relL2=0.220  DeepONet relL2=0.292  TF1D relL2=0.465
[400/1152] sidx=1379  LOGLO relL2=0.209  DeepONet relL2=0.356  TF1D relL2=0.457
[425/1152] sidx=5348  LOGLO relL2=0.272  DeepONet relL2=0.440  TF1D relL2=0.498
[450/1152] sidx=3465  LOGLO relL2=0.164  DeepONet relL2=0.199  TF1D relL2=0.335
[475/1152] sidx=1549  LOGLO relL2=0.337  DeepONet relL2=0.611  TF1D relL2=0.641
[500/1152] sidx=4133  LOGLO relL2=0.211  DeepONet relL2=0.316  TF1D relL2=0.455
[525/1152] sidx=1179  LOGLO relL2=0.312  DeepONet relL2=0.367  TF1D relL2=0.385
[550/1152] sidx=2873  LOGLO relL2=0.241  DeepONet relL2=0.325  TF1D relL2=0.498
[575/1152] sidx=7122  LOGLO relL2=0.211  DeepONet relL2=0.311  TF1D relL2=0.348
[600/1152] sidx=190  LOGLO relL2=0.213  DeepONet relL2=0.234  TF1D relL2=0.376
[625/1152] sidx=5905  LOGLO relL2=0.307  DeepONet relL2=0.359  TF1D relL2=0.500
[650/1152] sidx=2248  LOGLO relL2=0.129  DeepONet relL2=0.284  TF1D relL2=0.355
[675/1152] sidx=5334  LOGLO relL2=0.287  DeepONet relL2=0.424  TF1D relL2=0.616
[700/1152] sidx=2743  LOGLO relL2=0.167  DeepONet relL2=0.226  TF1D relL2=0.321
[725/1152] sidx=414  LOGLO relL2=0.176  DeepONet relL2=0.315  TF1D relL2=0.442
[750/1152] sidx=4366  LOGLO relL2=0.154  DeepONet relL2=0.285  TF1D relL2=0.387
[775/1152] sidx=1967  LOGLO relL2=0.249  DeepONet relL2=0.241  TF1D relL2=0.365
[800/1152] sidx=1824  LOGLO relL2=0.293  DeepONet relL2=0.406  TF1D relL2=0.617
[825/1152] sidx=2846  LOGLO relL2=0.235  DeepONet relL2=0.404  TF1D relL2=0.747
[850/1152] sidx=3477  LOGLO relL2=0.282  DeepONet relL2=0.389  TF1D relL2=0.467
[875/1152] sidx=4109  LOGLO relL2=0.168  DeepONet relL2=0.354  TF1D relL2=0.449
[900/1152] sidx=7246  LOGLO relL2=0.155  DeepONet relL2=0.232  TF1D relL2=0.412
[925/1152] sidx=6651  LOGLO relL2=0.158  DeepONet relL2=0.249  TF1D relL2=0.248
[950/1152] sidx=5601  LOGLO relL2=0.234  DeepONet relL2=0.455  TF1D relL2=0.497
[975/1152] sidx=81  LOGLO relL2=0.173  DeepONet relL2=0.249  TF1D relL2=0.493
[1000/1152] sidx=7358  LOGLO relL2=0.366  DeepONet relL2=0.373  TF1D relL2=0.546
[1025/1152] sidx=5420  LOGLO relL2=0.147  DeepONet relL2=0.166  TF1D relL2=0.268
[1050/1152] sidx=279  LOGLO relL2=0.233  DeepONet relL2=0.432  TF1D relL2=0.526
[1075/1152] sidx=1524  LOGLO relL2=0.266  DeepONet relL2=0.412  TF1D relL2=0.478
[1100/1152] sidx=1058  LOGLO relL2=0.294  DeepONet relL2=0.548  TF1D relL2=0.621
[1125/1152] sidx=4382  LOGLO relL2=0.501  DeepONet relL2=0.636  TF1D relL2=0.713
[1150/1152] sidx=5729  LOGLO relL2=0.145  DeepONet relL2=0.223  TF1D relL2=0.339
{
  "n_test": 1152,
  "cache_tag": "full7680_seed42",
  "seed": 42,
  "deeponet_ckpt": "/home/ubuntu/surrogate-seismic-waves/experiments/DeepONet-Residual/checkpoints/single_resunet_full_R_nom_full7680_seed42.pt",
  "loglo_ckpt": "/home/ubuntu/surrogate-seismic-waves/checkpoints/tier2_pod64_full7680/best_model.pt",
  "note": "Same DeepONet full7680 test split; full 1000 freqs; DeepONet = TF1D_nom + R_hat (ResUNet); LOGLO = direct TF surrogate",
  "loglo": {
    "rel_l2": {
      "mean": 0.2423293279328694,
      "median": 0.22578879445791245,
      "p10": 0.1541079431772232,
      "p90": 0.3386035293340684
    },
    "pearson_f": {
      "mean": 0.9454266902558213,
      "median": 0.9569952435407754,
      "p10": 0.907655508057002,
      "p90": 0.978257432857486
    },
    "r2": {
      "mean": 0.8798423455971979,
      "median": 0.9045395668071557,
      "p10": 0.7972277662154305,
      "p90": 0.9533299318789675
    }
  },
  "deeponet": {
    "rel_l2": {
      "mean": 0.3559119558065302,
      "median": 0.34578630328178406,
      "p10": 0.2221401199698448,
      "p90": 0.49562186598777774
    },
    "pearson_f": {
      "mean": 0.8922815530102266,
      "median": 0.9068684998169287,
      "p10": 0.8048930333302838,
      "p90": 0.960753165897851
    },
    "r2": {
      "mean": 0.7453330283938213,
      "median": 0.7780471162229761,
      "p10": 0.5521345124867774,
      "p90": 0.9045460137618891
    }
  },
  "tf1d_nom_only": {
    "rel_l2": {
      "mean": 0.4942054352464361,
      "median": 0.48870450258255005,
      "p10": 0.31677141785621643,
      "p90": 0.6869362771511078
    },
    "pearson_f": {
      "mean": 0.7675545302648374,
      "median": 0.7965294092448258,
      "p10": 0.5739386204405508,
      "p90": 0.9212670726604275
    },
    "r2": {
      "mean": 0.5137287405554735,
      "median": 0.5568410915074138,
      "p10": 0.13542754099485166,
      "p90": 0.8062416377941184
    }
  },
  "win_rate_rel_l2": {
    "loglo_better": 0.9548611111111112,
    "deeponet_better": 0.04513888888888889
  }
}
[compare] wrote /home/ubuntu/surrogate-seismic-waves/experiments/DeepONet-Residual/results/compare_tf_loglo_vs_deeponet/summary.json
COMPARE_DONE
