DATA_ROOT=/mnt/box/GIG Lab - UC Berkeley/Projects/Neural Operator/data
H5_DIR=/mnt/box/GIG Lab - UC Berkeley/Projects/Neural Operator/data/h5
TF=True manifest=True
Subsample 1000 / 7680 indices
[residual] 1/1000 sample_idx=10
[residual] 2/1000 sample_idx=21
[residual] 3/1000 sample_idx=24
[residual] 4/1000 sample_idx=33
[residual] 5/1000 sample_idx=36
[residual] 6/1000 sample_idx=40
[residual] 7/1000 sample_idx=46
[residual] 8/1000 sample_idx=53
[residual] 9/1000 sample_idx=80
[residual] 10/1000 sample_idx=83
[residual] 11/1000 sample_idx=88
[residual] 12/1000 sample_idx=108
[residual] 13/1000 sample_idx=112
[residual] 14/1000 sample_idx=113
[residual] 15/1000 sample_idx=126
[residual] 16/1000 sample_idx=135
[residual] 17/1000 sample_idx=144
[residual] 18/1000 sample_idx=152
[residual] 19/1000 sample_idx=159
[residual] 20/1000 sample_idx=165
[residual] 21/1000 sample_idx=175
[residual] 22/1000 sample_idx=179
[residual] 23/1000 sample_idx=216
[residual] 24/1000 sample_idx=218
[residual] 25/1000 sample_idx=243
[residual] 26/1000 sample_idx=253
[residual] 27/1000 sample_idx=255
[residual] 28/1000 sample_idx=269
[residual] 29/1000 sample_idx=276
[residual] 30/1000 sample_idx=280
[residual] 31/1000 sample_idx=284
[residual] 32/1000 sample_idx=288
[residual] 33/1000 sample_idx=291
[residual] 34/1000 sample_idx=298
[residual] 35/1000 sample_idx=303
[residual] 36/1000 sample_idx=318
[residual] 37/1000 sample_idx=320
[residual] 38/1000 sample_idx=326
[residual] 39/1000 sample_idx=332
[residual] 40/1000 sample_idx=333
[residual] 41/1000 sample_idx=340
[residual] 42/1000 sample_idx=348
[residual] 43/1000 sample_idx=358
[residual] 44/1000 sample_idx=369
[residual] 45/1000 sample_idx=370
[residual] 46/1000 sample_idx=377
[residual] 47/1000 sample_idx=402
[residual] 48/1000 sample_idx=405
[residual] 49/1000 sample_idx=406
[residual] 50/1000 sample_idx=407
[residual] 51/1000 sample_idx=411
[residual] 52/1000 sample_idx=423
[residual] 53/1000 sample_idx=424
[residual] 54/1000 sample_idx=429
[residual] 55/1000 sample_idx=455
[residual] 56/1000 sample_idx=461
[residual] 57/1000 sample_idx=469
[residual] 58/1000 sample_idx=470
[residual] 59/1000 sample_idx=477
[residual] 60/1000 sample_idx=498
[residual] 61/1000 sample_idx=503
[residual] 62/1000 sample_idx=531
[residual] 63/1000 sample_idx=535
[residual] 64/1000 sample_idx=541
[residual] 65/1000 sample_idx=542
[residual] 66/1000 sample_idx=551
[residual] 67/1000 sample_idx=557
[residual] 68/1000 sample_idx=572
[residual] 69/1000 sample_idx=584
[residual] 70/1000 sample_idx=590
[residual] 71/1000 sample_idx=592
[residual] 72/1000 sample_idx=599
[residual] 73/1000 sample_idx=612
[residual] 74/1000 sample_idx=615
[residual] 75/1000 sample_idx=618
[residual] 76/1000 sample_idx=627
[residual] 77/1000 sample_idx=628
[residual] 78/1000 sample_idx=630
[residual] 79/1000 sample_idx=637
[residual] 80/1000 sample_idx=641
[residual] 81/1000 sample_idx=643
[residual] 82/1000 sample_idx=644
[residual] 83/1000 sample_idx=647
[residual] 84/1000 sample_idx=648
[residual] 85/1000 sample_idx=649
[residual] 86/1000 sample_idx=652
[residual] 87/1000 sample_idx=679
[residual] 88/1000 sample_idx=700
[residual] 89/1000 sample_idx=703
[residual] 90/1000 sample_idx=707
[residual] 91/1000 sample_idx=714
[residual] 92/1000 sample_idx=716
[residual] 93/1000 sample_idx=737
[residual] 94/1000 sample_idx=742
[residual] 95/1000 sample_idx=743
[residual] 96/1000 sample_idx=751
[residual] 97/1000 sample_idx=752
[residual] 98/1000 sample_idx=762
[residual] 99/1000 sample_idx=782
[residual] 100/1000 sample_idx=784
[residual] 101/1000 sample_idx=788
[residual] 102/1000 sample_idx=792
[residual] 103/1000 sample_idx=794
[residual] 104/1000 sample_idx=797
[residual] 105/1000 sample_idx=817
[residual] 106/1000 sample_idx=821
[residual] 107/1000 sample_idx=836
[residual] 108/1000 sample_idx=838
[residual] 109/1000 sample_idx=841
[residual] 110/1000 sample_idx=850
[residual] 111/1000 sample_idx=851
[residual] 112/1000 sample_idx=862
[residual] 113/1000 sample_idx=866
[residual] 114/1000 sample_idx=867
[residual] 115/1000 sample_idx=882
[residual] 116/1000 sample_idx=884
[residual] 117/1000 sample_idx=887
[residual] 118/1000 sample_idx=889
[residual] 119/1000 sample_idx=901
[residual] 120/1000 sample_idx=906
[residual] 121/1000 sample_idx=909
[residual] 122/1000 sample_idx=911
[residual] 123/1000 sample_idx=912
[residual] 124/1000 sample_idx=914
[residual] 125/1000 sample_idx=917
[residual] 126/1000 sample_idx=925
[residual] 127/1000 sample_idx=933
[residual] 128/1000 sample_idx=938
[residual] 129/1000 sample_idx=958
[residual] 130/1000 sample_idx=967
[residual] 131/1000 sample_idx=969
[residual] 132/1000 sample_idx=972
[residual] 133/1000 sample_idx=983
[residual] 134/1000 sample_idx=985
[residual] 135/1000 sample_idx=991
[residual] 136/1000 sample_idx=996
[residual] 137/1000 sample_idx=1001
[residual] 138/1000 sample_idx=1007
[residual] 139/1000 sample_idx=1013
[residual] 140/1000 sample_idx=1024
[residual] 141/1000 sample_idx=1037
[residual] 142/1000 sample_idx=1043
[residual] 143/1000 sample_idx=1057
[residual] 144/1000 sample_idx=1058
[residual] 145/1000 sample_idx=1059
[residual] 146/1000 sample_idx=1069
[residual] 147/1000 sample_idx=1073
[residual] 148/1000 sample_idx=1077
[residual] 149/1000 sample_idx=1086
[residual] 150/1000 sample_idx=1093
[residual] 151/1000 sample_idx=1094
[residual] 152/1000 sample_idx=1104
[residual] 153/1000 sample_idx=1114
[residual] 154/1000 sample_idx=1133
[residual] 155/1000 sample_idx=1136
[residual] 156/1000 sample_idx=1150
[residual] 157/1000 sample_idx=1154
[residual] 158/1000 sample_idx=1156
[residual] 159/1000 sample_idx=1157
[residual] 160/1000 sample_idx=1163
[residual] 161/1000 sample_idx=1164
[residual] 162/1000 sample_idx=1165
[residual] 163/1000 sample_idx=1167
[residual] 164/1000 sample_idx=1174
[residual] 165/1000 sample_idx=1177
[residual] 166/1000 sample_idx=1180
[residual] 167/1000 sample_idx=1192
[residual] 168/1000 sample_idx=1216
[residual] 169/1000 sample_idx=1239
[residual] 170/1000 sample_idx=1242
[residual] 171/1000 sample_idx=1245
[residual] 172/1000 sample_idx=1248
[residual] 173/1000 sample_idx=1250
[residual] 174/1000 sample_idx=1266
[residual] 175/1000 sample_idx=1273
[residual] 176/1000 sample_idx=1275
[residual] 177/1000 sample_idx=1284
[residual] 178/1000 sample_idx=1286
[residual] 179/1000 sample_idx=1301
[residual] 180/1000 sample_idx=1303
[residual] 181/1000 sample_idx=1309
[residual] 182/1000 sample_idx=1328
[residual] 183/1000 sample_idx=1361
[residual] 184/1000 sample_idx=1365
[residual] 185/1000 sample_idx=1371
[residual] 186/1000 sample_idx=1378
[residual] 187/1000 sample_idx=1391
[residual] 188/1000 sample_idx=1395
[residual] 189/1000 sample_idx=1399
[residual] 190/1000 sample_idx=1405
[residual] 191/1000 sample_idx=1412
[residual] 192/1000 sample_idx=1419
[residual] 193/1000 sample_idx=1429
[residual] 194/1000 sample_idx=1443
[residual] 195/1000 sample_idx=1446
[residual] 196/1000 sample_idx=1448
[residual] 197/1000 sample_idx=1454
[residual] 198/1000 sample_idx=1456
[residual] 199/1000 sample_idx=1486
[residual] 200/1000 sample_idx=1487
[residual] 201/1000 sample_idx=1492
[residual] 202/1000 sample_idx=1499
[residual] 203/1000 sample_idx=1512
[residual] 204/1000 sample_idx=1524
[residual] 205/1000 sample_idx=1530
[residual] 206/1000 sample_idx=1532
[residual] 207/1000 sample_idx=1536
[residual] 208/1000 sample_idx=1552
[residual] 209/1000 sample_idx=1560
[residual] 210/1000 sample_idx=1562
[residual] 211/1000 sample_idx=1567
[residual] 212/1000 sample_idx=1571
[residual] 213/1000 sample_idx=1594
[residual] 214/1000 sample_idx=1606
[residual] 215/1000 sample_idx=1608
[residual] 216/1000 sample_idx=1614
[residual] 217/1000 sample_idx=1615
[residual] 218/1000 sample_idx=1632
[residual] 219/1000 sample_idx=1634
[residual] 220/1000 sample_idx=1644
[residual] 221/1000 sample_idx=1645
[residual] 222/1000 sample_idx=1652
[residual] 223/1000 sample_idx=1659
[residual] 224/1000 sample_idx=1671
[residual] 225/1000 sample_idx=1677
[residual] 226/1000 sample_idx=1684
[residual] 227/1000 sample_idx=1689
[residual] 228/1000 sample_idx=1704
[residual] 229/1000 sample_idx=1706
[residual] 230/1000 sample_idx=1709
[residual] 231/1000 sample_idx=1726
[residual] 232/1000 sample_idx=1735
[residual] 233/1000 sample_idx=1741
[residual] 234/1000 sample_idx=1742
[residual] 235/1000 sample_idx=1753
[residual] 236/1000 sample_idx=1767
[residual] 237/1000 sample_idx=1771
[residual] 238/1000 sample_idx=1776
[residual] 239/1000 sample_idx=1779
[residual] 240/1000 sample_idx=1780
[residual] 241/1000 sample_idx=1808
[residual] 242/1000 sample_idx=1809
[residual] 243/1000 sample_idx=1812
[residual] 244/1000 sample_idx=1814
[residual] 245/1000 sample_idx=1824
[residual] 246/1000 sample_idx=1829
[residual] 247/1000 sample_idx=1830
[residual] 248/1000 sample_idx=1852
[residual] 249/1000 sample_idx=1856
[residual] 250/1000 sample_idx=1864
[residual] 251/1000 sample_idx=1869
[residual] 252/1000 sample_idx=1873
[residual] 253/1000 sample_idx=1876
[residual] 254/1000 sample_idx=1882
[residual] 255/1000 sample_idx=1888
[residual] 256/1000 sample_idx=1902
[residual] 257/1000 sample_idx=1905
[residual] 258/1000 sample_idx=1913
[residual] 259/1000 sample_idx=1914
[residual] 260/1000 sample_idx=1926
[residual] 261/1000 sample_idx=1946
[residual] 262/1000 sample_idx=1951
[residual] 263/1000 sample_idx=1954
[residual] 264/1000 sample_idx=1962
[residual] 265/1000 sample_idx=1964
[residual] 266/1000 sample_idx=1966
[residual] 267/1000 sample_idx=1977
[residual] 268/1000 sample_idx=1980
[residual] 269/1000 sample_idx=1988
[residual] 270/1000 sample_idx=1994
[residual] 271/1000 sample_idx=1996
[residual] 272/1000 sample_idx=1998
[residual] 273/1000 sample_idx=2011
[residual] 274/1000 sample_idx=2028
[residual] 275/1000 sample_idx=2037
[residual] 276/1000 sample_idx=2038
[residual] 277/1000 sample_idx=2041
[residual] 278/1000 sample_idx=2053
[residual] 279/1000 sample_idx=2080
[residual] 280/1000 sample_idx=2081
[residual] 281/1000 sample_idx=2082
[residual] 282/1000 sample_idx=2088
[residual] 283/1000 sample_idx=2089
[residual] 284/1000 sample_idx=2096
[residual] 285/1000 sample_idx=2100
[residual] 286/1000 sample_idx=2119
[residual] 287/1000 sample_idx=2121
[residual] 288/1000 sample_idx=2123
[residual] 289/1000 sample_idx=2147
[residual] 290/1000 sample_idx=2153
[residual] 291/1000 sample_idx=2158
[residual] 292/1000 sample_idx=2192
[residual] 293/1000 sample_idx=2206
[residual] 294/1000 sample_idx=2213
[residual] 295/1000 sample_idx=2219
[residual] 296/1000 sample_idx=2235
[residual] 297/1000 sample_idx=2255
[residual] 298/1000 sample_idx=2264
[residual] 299/1000 sample_idx=2269
[residual] 300/1000 sample_idx=2274
[residual] 301/1000 sample_idx=2281
[residual] 302/1000 sample_idx=2287
[residual] 303/1000 sample_idx=2302
[residual] 304/1000 sample_idx=2310
[residual] 305/1000 sample_idx=2326
[residual] 306/1000 sample_idx=2336
[residual] 307/1000 sample_idx=2340
[residual] 308/1000 sample_idx=2355
[residual] 309/1000 sample_idx=2359
[residual] 310/1000 sample_idx=2370
[residual] 311/1000 sample_idx=2372
[residual] 312/1000 sample_idx=2378
[residual] 313/1000 sample_idx=2381
[residual] 314/1000 sample_idx=2402
[residual] 315/1000 sample_idx=2405
[residual] 316/1000 sample_idx=2408
[residual] 317/1000 sample_idx=2419
[residual] 318/1000 sample_idx=2430
[residual] 319/1000 sample_idx=2433
[residual] 320/1000 sample_idx=2435
[residual] 321/1000 sample_idx=2464
[residual] 322/1000 sample_idx=2486
[residual] 323/1000 sample_idx=2492
[residual] 324/1000 sample_idx=2494
[residual] 325/1000 sample_idx=2497
[residual] 326/1000 sample_idx=2508
[residual] 327/1000 sample_idx=2514
[residual] 328/1000 sample_idx=2531
[residual] 329/1000 sample_idx=2532
[residual] 330/1000 sample_idx=2547
[residual] 331/1000 sample_idx=2548
[residual] 332/1000 sample_idx=2561
[residual] 333/1000 sample_idx=2569
[residual] 334/1000 sample_idx=2574
[residual] 335/1000 sample_idx=2591
[residual] 336/1000 sample_idx=2609
[residual] 337/1000 sample_idx=2634
[residual] 338/1000 sample_idx=2648
[residual] 339/1000 sample_idx=2653
[residual] 340/1000 sample_idx=2655
[residual] 341/1000 sample_idx=2662
[residual] 342/1000 sample_idx=2666
[residual] 343/1000 sample_idx=2670
[residual] 344/1000 sample_idx=2698
[residual] 345/1000 sample_idx=2700
[residual] 346/1000 sample_idx=2728
[residual] 347/1000 sample_idx=2761
[residual] 348/1000 sample_idx=2763
[residual] 349/1000 sample_idx=2765
[residual] 350/1000 sample_idx=2789
[residual] 351/1000 sample_idx=2802
[residual] 352/1000 sample_idx=2813
[residual] 353/1000 sample_idx=2814
[residual] 354/1000 sample_idx=2822
[residual] 355/1000 sample_idx=2829
[residual] 356/1000 sample_idx=2831
[residual] 357/1000 sample_idx=2837
[residual] 358/1000 sample_idx=2847
[residual] 359/1000 sample_idx=2850
[residual] 360/1000 sample_idx=2865
[residual] 361/1000 sample_idx=2866
[residual] 362/1000 sample_idx=2868
[residual] 363/1000 sample_idx=2877
[residual] 364/1000 sample_idx=2882
[residual] 365/1000 sample_idx=2892
[residual] 366/1000 sample_idx=2899
[residual] 367/1000 sample_idx=2925
[residual] 368/1000 sample_idx=2940
[residual] 369/1000 sample_idx=2943
[residual] 370/1000 sample_idx=2949
[residual] 371/1000 sample_idx=2950
[residual] 372/1000 sample_idx=2972
[residual] 373/1000 sample_idx=2977
[residual] 374/1000 sample_idx=2983
[residual] 375/1000 sample_idx=2986
[residual] 376/1000 sample_idx=2989
[residual] 377/1000 sample_idx=3000
[residual] 378/1000 sample_idx=3005
[residual] 379/1000 sample_idx=3008
[residual] 380/1000 sample_idx=3015
[residual] 381/1000 sample_idx=3024
[residual] 382/1000 sample_idx=3040
[residual] 383/1000 sample_idx=3044
[residual] 384/1000 sample_idx=3052
[residual] 385/1000 sample_idx=3062
[residual] 386/1000 sample_idx=3063
[residual] 387/1000 sample_idx=3070
[residual] 388/1000 sample_idx=3077
[residual] 389/1000 sample_idx=3081
[residual] 390/1000 sample_idx=3095
[residual] 391/1000 sample_idx=3101
[residual] 392/1000 sample_idx=3104
[residual] 393/1000 sample_idx=3148
[residual] 394/1000 sample_idx=3154
[residual] 395/1000 sample_idx=3159
[residual] 396/1000 sample_idx=3178
[residual] 397/1000 sample_idx=3189
[residual] 398/1000 sample_idx=3193
[residual] 399/1000 sample_idx=3195
[residual] 400/1000 sample_idx=3201
[residual] 401/1000 sample_idx=3223
[residual] 402/1000 sample_idx=3224
[residual] 403/1000 sample_idx=3226
[residual] 404/1000 sample_idx=3229
[residual] 405/1000 sample_idx=3230
[residual] 406/1000 sample_idx=3253
[residual] 407/1000 sample_idx=3263
[residual] 408/1000 sample_idx=3270
[residual] 409/1000 sample_idx=3281
[residual] 410/1000 sample_idx=3289
[residual] 411/1000 sample_idx=3290
[residual] 412/1000 sample_idx=3303
[residual] 413/1000 sample_idx=3305
[residual] 414/1000 sample_idx=3311
[residual] 415/1000 sample_idx=3316
[residual] 416/1000 sample_idx=3335
[residual] 417/1000 sample_idx=3343
[residual] 418/1000 sample_idx=3345
[residual] 419/1000 sample_idx=3350
[residual] 420/1000 sample_idx=3373
[residual] 421/1000 sample_idx=3377
[residual] 422/1000 sample_idx=3382
[residual] 423/1000 sample_idx=3384
[residual] 424/1000 sample_idx=3385
[residual] 425/1000 sample_idx=3390
[residual] 426/1000 sample_idx=3406
[residual] 427/1000 sample_idx=3412
[residual] 428/1000 sample_idx=3413
[residual] 429/1000 sample_idx=3430
[residual] 430/1000 sample_idx=3461
[residual] 431/1000 sample_idx=3464
[residual] 432/1000 sample_idx=3470
[residual] 433/1000 sample_idx=3473
[residual] 434/1000 sample_idx=3477
[residual] 435/1000 sample_idx=3504
[residual] 436/1000 sample_idx=3507
[residual] 437/1000 sample_idx=3512
[residual] 438/1000 sample_idx=3519
[residual] 439/1000 sample_idx=3523
[residual] 440/1000 sample_idx=3527
[residual] 441/1000 sample_idx=3530
[residual] 442/1000 sample_idx=3534
[residual] 443/1000 sample_idx=3540
[residual] 444/1000 sample_idx=3546
[residual] 445/1000 sample_idx=3547
[residual] 446/1000 sample_idx=3553
[residual] 447/1000 sample_idx=3555
[residual] 448/1000 sample_idx=3556
[residual] 449/1000 sample_idx=3566
[residual] 450/1000 sample_idx=3567
[residual] 451/1000 sample_idx=3568
[residual] 452/1000 sample_idx=3598
[residual] 453/1000 sample_idx=3606
[residual] 454/1000 sample_idx=3622
[residual] 455/1000 sample_idx=3629
[residual] 456/1000 sample_idx=3634
[residual] 457/1000 sample_idx=3639
[residual] 458/1000 sample_idx=3640
[residual] 459/1000 sample_idx=3644
[residual] 460/1000 sample_idx=3647
[residual] 461/1000 sample_idx=3648
[residual] 462/1000 sample_idx=3653
[residual] 463/1000 sample_idx=3664
[residual] 464/1000 sample_idx=3673
[residual] 465/1000 sample_idx=3675
[residual] 466/1000 sample_idx=3676
[residual] 467/1000 sample_idx=3686
[residual] 468/1000 sample_idx=3690
[residual] 469/1000 sample_idx=3700
[residual] 470/1000 sample_idx=3706
[residual] 471/1000 sample_idx=3707
[residual] 472/1000 sample_idx=3734
[residual] 473/1000 sample_idx=3740
[residual] 474/1000 sample_idx=3746
[residual] 475/1000 sample_idx=3747
[residual] 476/1000 sample_idx=3757
[residual] 477/1000 sample_idx=3761
[residual] 478/1000 sample_idx=3762
[residual] 479/1000 sample_idx=3767
[residual] 480/1000 sample_idx=3778
[residual] 481/1000 sample_idx=3782
[residual] 482/1000 sample_idx=3806
[residual] 483/1000 sample_idx=3814
[residual] 484/1000 sample_idx=3823
[residual] 485/1000 sample_idx=3832
[residual] 486/1000 sample_idx=3849
[residual] 487/1000 sample_idx=3853
[residual] 488/1000 sample_idx=3854
[residual] 489/1000 sample_idx=3866
[residual] 490/1000 sample_idx=3868
[residual] 491/1000 sample_idx=3874
[residual] 492/1000 sample_idx=3876
[residual] 493/1000 sample_idx=3886
[residual] 494/1000 sample_idx=3888
[residual] 495/1000 sample_idx=3908
[residual] 496/1000 sample_idx=3912
[residual] 497/1000 sample_idx=3932
[residual] 498/1000 sample_idx=3937
[residual] 499/1000 sample_idx=3938
[residual] 500/1000 sample_idx=3942
[residual] 501/1000 sample_idx=3947
[residual] 502/1000 sample_idx=3959
[residual] 503/1000 sample_idx=3965
[residual] 504/1000 sample_idx=3966
[residual] 505/1000 sample_idx=3974
[residual] 506/1000 sample_idx=3977
[residual] 507/1000 sample_idx=3985
[residual] 508/1000 sample_idx=3995
[residual] 509/1000 sample_idx=3998
[residual] 510/1000 sample_idx=4001
[residual] 511/1000 sample_idx=4002
[residual] 512/1000 sample_idx=4006
[residual] 513/1000 sample_idx=4009
[residual] 514/1000 sample_idx=4018
[residual] 515/1000 sample_idx=4026
[residual] 516/1000 sample_idx=4028
[residual] 517/1000 sample_idx=4029
[residual] 518/1000 sample_idx=4031
[residual] 519/1000 sample_idx=4037
[residual] 520/1000 sample_idx=4038
[residual] 521/1000 sample_idx=4056
[residual] 522/1000 sample_idx=4061
[residual] 523/1000 sample_idx=4071
[residual] 524/1000 sample_idx=4077
[residual] 525/1000 sample_idx=4084
[residual] 526/1000 sample_idx=4086
[residual] 527/1000 sample_idx=4088
[residual] 528/1000 sample_idx=4094
[residual] 529/1000 sample_idx=4098
[residual] 530/1000 sample_idx=4102
[residual] 531/1000 sample_idx=4113
[residual] 532/1000 sample_idx=4126
[residual] 533/1000 sample_idx=4130
[residual] 534/1000 sample_idx=4135
[residual] 535/1000 sample_idx=4136
[residual] 536/1000 sample_idx=4145
[residual] 537/1000 sample_idx=4168
[residual] 538/1000 sample_idx=4170
[residual] 539/1000 sample_idx=4172
[residual] 540/1000 sample_idx=4174
[residual] 541/1000 sample_idx=4200
[residual] 542/1000 sample_idx=4204
[residual] 543/1000 sample_idx=4205
[residual] 544/1000 sample_idx=4214
[residual] 545/1000 sample_idx=4224
[residual] 546/1000 sample_idx=4231
[residual] 547/1000 sample_idx=4241
[residual] 548/1000 sample_idx=4244
[residual] 549/1000 sample_idx=4249
[residual] 550/1000 sample_idx=4250
[residual] 551/1000 sample_idx=4257
[residual] 552/1000 sample_idx=4259
[residual] 553/1000 sample_idx=4260
[residual] 554/1000 sample_idx=4261
[residual] 555/1000 sample_idx=4267
[residual] 556/1000 sample_idx=4268
[residual] 557/1000 sample_idx=4276
[residual] 558/1000 sample_idx=4278
[residual] 559/1000 sample_idx=4282
[residual] 560/1000 sample_idx=4290
[residual] 561/1000 sample_idx=4292
[residual] 562/1000 sample_idx=4297
[residual] 563/1000 sample_idx=4301
[residual] 564/1000 sample_idx=4329
[residual] 565/1000 sample_idx=4333
[residual] 566/1000 sample_idx=4335
[residual] 567/1000 sample_idx=4337
[residual] 568/1000 sample_idx=4342
[residual] 569/1000 sample_idx=4343
[residual] 570/1000 sample_idx=4350
[residual] 571/1000 sample_idx=4361
[residual] 572/1000 sample_idx=4370
[residual] 573/1000 sample_idx=4373
[residual] 574/1000 sample_idx=4376
[residual] 575/1000 sample_idx=4388
[residual] 576/1000 sample_idx=4398
[residual] 577/1000 sample_idx=4409
[residual] 578/1000 sample_idx=4423
[residual] 579/1000 sample_idx=4424
[residual] 580/1000 sample_idx=4425
[residual] 581/1000 sample_idx=4431
[residual] 582/1000 sample_idx=4432
[residual] 583/1000 sample_idx=4439
[residual] 584/1000 sample_idx=4446
[residual] 585/1000 sample_idx=4461
[residual] 586/1000 sample_idx=4467
[residual] 587/1000 sample_idx=4474
[residual] 588/1000 sample_idx=4478
[residual] 589/1000 sample_idx=4483
[residual] 590/1000 sample_idx=4491
[residual] 591/1000 sample_idx=4494
[residual] 592/1000 sample_idx=4498
[residual] 593/1000 sample_idx=4505
[residual] 594/1000 sample_idx=4509
[residual] 595/1000 sample_idx=4516
[residual] 596/1000 sample_idx=4517
[residual] 597/1000 sample_idx=4518
[residual] 598/1000 sample_idx=4520
[residual] 599/1000 sample_idx=4540
[residual] 600/1000 sample_idx=4547
[residual] 601/1000 sample_idx=4576
[residual] 602/1000 sample_idx=4608
[residual] 603/1000 sample_idx=4626
[residual] 604/1000 sample_idx=4629
[residual] 605/1000 sample_idx=4641
[residual] 606/1000 sample_idx=4651
[residual] 607/1000 sample_idx=4674
[residual] 608/1000 sample_idx=4695
[residual] 609/1000 sample_idx=4712
[residual] 610/1000 sample_idx=4713
[residual] 611/1000 sample_idx=4715
[residual] 612/1000 sample_idx=4723
[residual] 613/1000 sample_idx=4729
[residual] 614/1000 sample_idx=4741
[residual] 615/1000 sample_idx=4745
[residual] 616/1000 sample_idx=4746
[residual] 617/1000 sample_idx=4748
[residual] 618/1000 sample_idx=4757
[residual] 619/1000 sample_idx=4777
[residual] 620/1000 sample_idx=4786
[residual] 621/1000 sample_idx=4791
[residual] 622/1000 sample_idx=4799
[residual] 623/1000 sample_idx=4804
[residual] 624/1000 sample_idx=4820
[residual] 625/1000 sample_idx=4825
[residual] 626/1000 sample_idx=4842
[residual] 627/1000 sample_idx=4854
[residual] 628/1000 sample_idx=4862
[residual] 629/1000 sample_idx=4872
[residual] 630/1000 sample_idx=4875
[residual] 631/1000 sample_idx=4888
[residual] 632/1000 sample_idx=4891
[residual] 633/1000 sample_idx=4908
[residual] 634/1000 sample_idx=4909
[residual] 635/1000 sample_idx=4913
[residual] 636/1000 sample_idx=4920
[residual] 637/1000 sample_idx=4928
[residual] 638/1000 sample_idx=4929
[residual] 639/1000 sample_idx=4931
[residual] 640/1000 sample_idx=4966
[residual] 641/1000 sample_idx=4969
[residual] 642/1000 sample_idx=4978
[residual] 643/1000 sample_idx=4990
[residual] 644/1000 sample_idx=4994
[residual] 645/1000 sample_idx=4999
[residual] 646/1000 sample_idx=5008
[residual] 647/1000 sample_idx=5019
[residual] 648/1000 sample_idx=5023
[residual] 649/1000 sample_idx=5025
[residual] 650/1000 sample_idx=5027
[residual] 651/1000 sample_idx=5036
[residual] 652/1000 sample_idx=5038
[residual] 653/1000 sample_idx=5049
[residual] 654/1000 sample_idx=5054
[residual] 655/1000 sample_idx=5056
[residual] 656/1000 sample_idx=5071
[residual] 657/1000 sample_idx=5077
[residual] 658/1000 sample_idx=5079
[residual] 659/1000 sample_idx=5081
[residual] 660/1000 sample_idx=5084
[residual] 661/1000 sample_idx=5086
[residual] 662/1000 sample_idx=5092
[residual] 663/1000 sample_idx=5107
[residual] 664/1000 sample_idx=5115
[residual] 665/1000 sample_idx=5118
[residual] 666/1000 sample_idx=5127
[residual] 667/1000 sample_idx=5157
[residual] 668/1000 sample_idx=5166
[residual] 669/1000 sample_idx=5173
[residual] 670/1000 sample_idx=5188
[residual] 671/1000 sample_idx=5192
[residual] 672/1000 sample_idx=5194
[residual] 673/1000 sample_idx=5210
[residual] 674/1000 sample_idx=5216
[residual] 675/1000 sample_idx=5219
[residual] 676/1000 sample_idx=5223
[residual] 677/1000 sample_idx=5231
[residual] 678/1000 sample_idx=5233
[residual] 679/1000 sample_idx=5246
[residual] 680/1000 sample_idx=5254
[residual] 681/1000 sample_idx=5260
[residual] 682/1000 sample_idx=5271
[residual] 683/1000 sample_idx=5275
[residual] 684/1000 sample_idx=5299
[residual] 685/1000 sample_idx=5300
[residual] 686/1000 sample_idx=5302
[residual] 687/1000 sample_idx=5304
[residual] 688/1000 sample_idx=5308
[residual] 689/1000 sample_idx=5331
[residual] 690/1000 sample_idx=5334
[residual] 691/1000 sample_idx=5341
[residual] 692/1000 sample_idx=5343
[residual] 693/1000 sample_idx=5344
[residual] 694/1000 sample_idx=5372
[residual] 695/1000 sample_idx=5378
[residual] 696/1000 sample_idx=5383
[residual] 697/1000 sample_idx=5386
[residual] 698/1000 sample_idx=5389
[residual] 699/1000 sample_idx=5392
[residual] 700/1000 sample_idx=5396
[residual] 701/1000 sample_idx=5397
[residual] 702/1000 sample_idx=5407
[residual] 703/1000 sample_idx=5413
[residual] 704/1000 sample_idx=5435
[residual] 705/1000 sample_idx=5436
[residual] 706/1000 sample_idx=5445
[residual] 707/1000 sample_idx=5465
[residual] 708/1000 sample_idx=5468
[residual] 709/1000 sample_idx=5471
[residual] 710/1000 sample_idx=5488
[residual] 711/1000 sample_idx=5495
[residual] 712/1000 sample_idx=5498
[residual] 713/1000 sample_idx=5504
[residual] 714/1000 sample_idx=5525
[residual] 715/1000 sample_idx=5526
[residual] 716/1000 sample_idx=5529
[residual] 717/1000 sample_idx=5536
[residual] 718/1000 sample_idx=5544
[residual] 719/1000 sample_idx=5545
[residual] 720/1000 sample_idx=5553
[residual] 721/1000 sample_idx=5554
[residual] 722/1000 sample_idx=5560
[residual] 723/1000 sample_idx=5567
[residual] 724/1000 sample_idx=5568
[residual] 725/1000 sample_idx=5584
[residual] 726/1000 sample_idx=5586
[residual] 727/1000 sample_idx=5604
[residual] 728/1000 sample_idx=5629
[residual] 729/1000 sample_idx=5634
[residual] 730/1000 sample_idx=5639
[residual] 731/1000 sample_idx=5640
[residual] 732/1000 sample_idx=5667
[residual] 733/1000 sample_idx=5674
[residual] 734/1000 sample_idx=5675
[residual] 735/1000 sample_idx=5679
[residual] 736/1000 sample_idx=5681
[residual] 737/1000 sample_idx=5687
[residual] 738/1000 sample_idx=5692
[residual] 739/1000 sample_idx=5710
[residual] 740/1000 sample_idx=5739
[residual] 741/1000 sample_idx=5740
[residual] 742/1000 sample_idx=5750
[residual] 743/1000 sample_idx=5760
[residual] 744/1000 sample_idx=5762
[residual] 745/1000 sample_idx=5768
[residual] 746/1000 sample_idx=5771
[residual] 747/1000 sample_idx=5774
[residual] 748/1000 sample_idx=5781
[residual] 749/1000 sample_idx=5782
[residual] 750/1000 sample_idx=5786
[residual] 751/1000 sample_idx=5796
[residual] 752/1000 sample_idx=5804
[residual] 753/1000 sample_idx=5806
[residual] 754/1000 sample_idx=5807
[residual] 755/1000 sample_idx=5810
[residual] 756/1000 sample_idx=5834
[residual] 757/1000 sample_idx=5838
[residual] 758/1000 sample_idx=5840
[residual] 759/1000 sample_idx=5844
[residual] 760/1000 sample_idx=5845
[residual] 761/1000 sample_idx=5875
[residual] 762/1000 sample_idx=5879
[residual] 763/1000 sample_idx=5890
[residual] 764/1000 sample_idx=5892
[residual] 765/1000 sample_idx=5898
[residual] 766/1000 sample_idx=5899
[residual] 767/1000 sample_idx=5927
[residual] 768/1000 sample_idx=5928
[residual] 769/1000 sample_idx=5929
[residual] 770/1000 sample_idx=5930
[residual] 771/1000 sample_idx=5932
[residual] 772/1000 sample_idx=5933
[residual] 773/1000 sample_idx=5944
[residual] 774/1000 sample_idx=5946
[residual] 775/1000 sample_idx=5949
[residual] 776/1000 sample_idx=5953
[residual] 777/1000 sample_idx=5955
[residual] 778/1000 sample_idx=5957
[residual] 779/1000 sample_idx=5967
[residual] 780/1000 sample_idx=5989
[residual] 781/1000 sample_idx=5990
[residual] 782/1000 sample_idx=6008
[residual] 783/1000 sample_idx=6012
[residual] 784/1000 sample_idx=6045
[residual] 785/1000 sample_idx=6051
[residual] 786/1000 sample_idx=6052
[residual] 787/1000 sample_idx=6053
[residual] 788/1000 sample_idx=6058
[residual] 789/1000 sample_idx=6062
[residual] 790/1000 sample_idx=6070
[residual] 791/1000 sample_idx=6073
[residual] 792/1000 sample_idx=6081
[residual] 793/1000 sample_idx=6089
[residual] 794/1000 sample_idx=6090
[residual] 795/1000 sample_idx=6091
[residual] 796/1000 sample_idx=6092
[residual] 797/1000 sample_idx=6100
[residual] 798/1000 sample_idx=6101
[residual] 799/1000 sample_idx=6105
[residual] 800/1000 sample_idx=6108
[residual] 801/1000 sample_idx=6111
[residual] 802/1000 sample_idx=6112
[residual] 803/1000 sample_idx=6128
[residual] 804/1000 sample_idx=6137
[residual] 805/1000 sample_idx=6146
[residual] 806/1000 sample_idx=6167
[residual] 807/1000 sample_idx=6171
[residual] 808/1000 sample_idx=6177
[residual] 809/1000 sample_idx=6197
[residual] 810/1000 sample_idx=6202
[residual] 811/1000 sample_idx=6203
[residual] 812/1000 sample_idx=6207
[residual] 813/1000 sample_idx=6209
[residual] 814/1000 sample_idx=6214
[residual] 815/1000 sample_idx=6215
[residual] 816/1000 sample_idx=6226
[residual] 817/1000 sample_idx=6232
[residual] 818/1000 sample_idx=6235
[residual] 819/1000 sample_idx=6238
[residual] 820/1000 sample_idx=6241
[residual] 821/1000 sample_idx=6247
[residual] 822/1000 sample_idx=6250
[residual] 823/1000 sample_idx=6300
[residual] 824/1000 sample_idx=6306
[residual] 825/1000 sample_idx=6312
[residual] 826/1000 sample_idx=6322
[residual] 827/1000 sample_idx=6335
[residual] 828/1000 sample_idx=6342
[residual] 829/1000 sample_idx=6343
[residual] 830/1000 sample_idx=6347
[residual] 831/1000 sample_idx=6350
[residual] 832/1000 sample_idx=6355
[residual] 833/1000 sample_idx=6357
[residual] 834/1000 sample_idx=6359
[residual] 835/1000 sample_idx=6369
[residual] 836/1000 sample_idx=6373
[residual] 837/1000 sample_idx=6399
[residual] 838/1000 sample_idx=6405
[residual] 839/1000 sample_idx=6412
[residual] 840/1000 sample_idx=6415
[residual] 841/1000 sample_idx=6417
[residual] 842/1000 sample_idx=6423
[residual] 843/1000 sample_idx=6428
[residual] 844/1000 sample_idx=6441
[residual] 845/1000 sample_idx=6442
[residual] 846/1000 sample_idx=6447
[residual] 847/1000 sample_idx=6449
[residual] 848/1000 sample_idx=6452
[residual] 849/1000 sample_idx=6456
[residual] 850/1000 sample_idx=6462
[residual] 851/1000 sample_idx=6465
[residual] 852/1000 sample_idx=6477
[residual] 853/1000 sample_idx=6479
[residual] 854/1000 sample_idx=6483
[residual] 855/1000 sample_idx=6495
[residual] 856/1000 sample_idx=6496
[residual] 857/1000 sample_idx=6497
[residual] 858/1000 sample_idx=6499
[residual] 859/1000 sample_idx=6520
[residual] 860/1000 sample_idx=6525
[residual] 861/1000 sample_idx=6531
[residual] 862/1000 sample_idx=6535
[residual] 863/1000 sample_idx=6537
[residual] 864/1000 sample_idx=6539
[residual] 865/1000 sample_idx=6551
[residual] 866/1000 sample_idx=6557
[residual] 867/1000 sample_idx=6562
[residual] 868/1000 sample_idx=6580
[residual] 869/1000 sample_idx=6597
[residual] 870/1000 sample_idx=6599
[residual] 871/1000 sample_idx=6602
[residual] 872/1000 sample_idx=6608
[residual] 873/1000 sample_idx=6610
[residual] 874/1000 sample_idx=6613
[residual] 875/1000 sample_idx=6629
[residual] 876/1000 sample_idx=6643
[residual] 877/1000 sample_idx=6648
[residual] 878/1000 sample_idx=6659
[residual] 879/1000 sample_idx=6664
[residual] 880/1000 sample_idx=6676
[residual] 881/1000 sample_idx=6683
[residual] 882/1000 sample_idx=6684
[residual] 883/1000 sample_idx=6693
[residual] 884/1000 sample_idx=6700
[residual] 885/1000 sample_idx=6717
[residual] 886/1000 sample_idx=6718
[residual] 887/1000 sample_idx=6719
[residual] 888/1000 sample_idx=6727
[residual] 889/1000 sample_idx=6729
[residual] 890/1000 sample_idx=6735
[residual] 891/1000 sample_idx=6737
[residual] 892/1000 sample_idx=6746
[residual] 893/1000 sample_idx=6753
[residual] 894/1000 sample_idx=6755
[residual] 895/1000 sample_idx=6757
[residual] 896/1000 sample_idx=6791
[residual] 897/1000 sample_idx=6799
[residual] 898/1000 sample_idx=6803
[residual] 899/1000 sample_idx=6830
[residual] 900/1000 sample_idx=6832
[residual] 901/1000 sample_idx=6847
[residual] 902/1000 sample_idx=6863
[residual] 903/1000 sample_idx=6881
[residual] 904/1000 sample_idx=6893
[residual] 905/1000 sample_idx=6921
[residual] 906/1000 sample_idx=6925
[residual] 907/1000 sample_idx=6929
[residual] 908/1000 sample_idx=6941
[residual] 909/1000 sample_idx=6948
[residual] 910/1000 sample_idx=6964
[residual] 911/1000 sample_idx=6969
[residual] 912/1000 sample_idx=6982
[residual] 913/1000 sample_idx=6990
[residual] 914/1000 sample_idx=7000
[residual] 915/1000 sample_idx=7008
[residual] 916/1000 sample_idx=7029
[residual] 917/1000 sample_idx=7030
[residual] 918/1000 sample_idx=7032
[residual] 919/1000 sample_idx=7046
[residual] 920/1000 sample_idx=7048
[residual] 921/1000 sample_idx=7049
[residual] 922/1000 sample_idx=7051
[residual] 923/1000 sample_idx=7056
[residual] 924/1000 sample_idx=7058
[residual] 925/1000 sample_idx=7062
[residual] 926/1000 sample_idx=7066
[residual] 927/1000 sample_idx=7077
[residual] 928/1000 sample_idx=7086
[residual] 929/1000 sample_idx=7119
[residual] 930/1000 sample_idx=7121
[residual] 931/1000 sample_idx=7122
[residual] 932/1000 sample_idx=7126
[residual] 933/1000 sample_idx=7127
[residual] 934/1000 sample_idx=7131
[residual] 935/1000 sample_idx=7138
[residual] 936/1000 sample_idx=7168
[residual] 937/1000 sample_idx=7170
[residual] 938/1000 sample_idx=7172
[residual] 939/1000 sample_idx=7177
[residual] 940/1000 sample_idx=7182
[residual] 941/1000 sample_idx=7216
[residual] 942/1000 sample_idx=7217
[residual] 943/1000 sample_idx=7222
[residual] 944/1000 sample_idx=7238
[residual] 945/1000 sample_idx=7281
[residual] 946/1000 sample_idx=7285
[residual] 947/1000 sample_idx=7286
[residual] 948/1000 sample_idx=7297
[residual] 949/1000 sample_idx=7306
[residual] 950/1000 sample_idx=7308
[residual] 951/1000 sample_idx=7310
[residual] 952/1000 sample_idx=7323
[residual] 953/1000 sample_idx=7337
[residual] 954/1000 sample_idx=7343
[residual] 955/1000 sample_idx=7344
[residual] 956/1000 sample_idx=7358
[residual] 957/1000 sample_idx=7360
[residual] 958/1000 sample_idx=7363
[residual] 959/1000 sample_idx=7381
[residual] 960/1000 sample_idx=7385
[residual] 961/1000 sample_idx=7387
[residual] 962/1000 sample_idx=7404
[residual] 963/1000 sample_idx=7407
[residual] 964/1000 sample_idx=7421
[residual] 965/1000 sample_idx=7427
[residual] 966/1000 sample_idx=7436
[residual] 967/1000 sample_idx=7441
[residual] 968/1000 sample_idx=7452
[residual] 969/1000 sample_idx=7455
[residual] 970/1000 sample_idx=7461
[residual] 971/1000 sample_idx=7462
[residual] 972/1000 sample_idx=7483
[residual] 973/1000 sample_idx=7484
[residual] 974/1000 sample_idx=7501
[residual] 975/1000 sample_idx=7514
[residual] 976/1000 sample_idx=7520
[residual] 977/1000 sample_idx=7536
[residual] 978/1000 sample_idx=7545
[residual] 979/1000 sample_idx=7552
[residual] 980/1000 sample_idx=7556
[residual] 981/1000 sample_idx=7559
[residual] 982/1000 sample_idx=7561
[residual] 983/1000 sample_idx=7571
[residual] 984/1000 sample_idx=7577
[residual] 985/1000 sample_idx=7585
[residual] 986/1000 sample_idx=7594
[residual] 987/1000 sample_idx=7597
[residual] 988/1000 sample_idx=7604
[residual] 989/1000 sample_idx=7605
[residual] 990/1000 sample_idx=7620
[residual] 991/1000 sample_idx=7624
[residual] 992/1000 sample_idx=7625
[residual] 993/1000 sample_idx=7628
[residual] 994/1000 sample_idx=7633
[residual] 995/1000 sample_idx=7638
[residual] 996/1000 sample_idx=7652
[residual] 997/1000 sample_idx=7653
[residual] 998/1000 sample_idx=7659
[residual] 999/1000 sample_idx=7671
[residual] 1000/1000 sample_idx=7675
Residual cache: /home/kurt-/surrogate-seismic-waves/experiments/Residual/cache/n1000_seed42
Wrote /home/kurt-/surrogate-seismic-waves/experiments/Residual/results/r_central_3x3.png
Building feature table…
Table shape=(1050000, 31) cols=['sample_idx', 'recorder', 'freq_hz', 'freq_idx', 'R_col', 'R_nom', 'dip_slope', 'imp_grad', 'dist_edge', 'x_over_L', 'x_over_lambda', 'r_H']…

=== Screening target=R_col ===
MI → /home/kurt-/surrogate-seismic-waves/experiments/Residual/results/mi_R_col.csv
RF → /home/kurt-/surrogate-seismic-waves/experiments/Residual/results/rf_perm_R_col.csv  test_R2=0.402

=== Screening target=R_nom ===
MI → /home/kurt-/surrogate-seismic-waves/experiments/Residual/results/mi_R_nom.csv
RF → /home/kurt-/surrogate-seismic-waves/experiments/Residual/results/rf_perm_R_nom.csv  test_R2=0.496

Gate summary → /home/kurt-/surrogate-seismic-waves/experiments/Residual/results/gate_summary.json
[
  {
    "target": "R_col",
    "rf_test_r2": 0.4020014167453886,
    "rf_train_r2": 0.7276175674355874,
    "mi_top": [
      "f_star",
      "x_over_lambda",
      "sin_f",
      "cos_f",
      "xi_3_im",
      "xi_1_im",
      "xi_6_re",
      "r_H"
    ],
    "rf_perm_top": [
      "f_star",
      "cos_f",
      "xi_4_re",
      "sin_f",
      "xi_8_im",
      "x_over_lambda",
      "xi_7_re",
      "xi_2_re"
    ],
    "agreed_top": [
      "f_star",
      "x_over_lambda",
      "sin_f",
      "cos_f"
    ],
    "gate_pass_hint": true
  },
  {
    "target": "R_nom",
    "rf_test_r2": 0.4960381114478789,
    "rf_train_r2": 0.7587795330862714,
    "mi_top": [
      "f_star",
      "sin_f",
      "x_over_lambda",
      "cos_f",
      "xi_8_re",
      "xi_6_im",
      "xi_7_im",
      "xi_5_im"
    ],
    "rf_perm_top": [
      "f_star",
      "xi_4_re",
      "cos_f",
      "xi_2_re",
      "xi_1_re",
      "sin_f",
      "xi_7_re",
      "imp_grad"
    ],
    "agreed_top": [
      "f_star",
      "sin_f",
      "cos_f"
    ],
    "gate_pass_hint": true
  }
]
